---
source: crates/wgpu_pp/src/preprocessor.rs
assertion_line: 255
expression: result.unwrap()
---

